// Jest Snapshot v1, https://goo.gl/fbAQLP

exports[`App component renders without crashing 1`] = `
<Connect(ConnectedRouter)
  history={
    Object {
      "location": Object {
        "path": "/",
      },
    }
  }
>
  <AppRoutes />
</Connect(ConnectedRouter)>
`;
